Command: C:\Espressif\python_env\idf5.5_py3.11_env\Scripts\python.exe C:\Espressif\frameworks\esp-idf-v5.5.1\tools/idf_monitor.py -p COM20 -b 115200 --toolchain-prefix xtensa-esp32-elf- --target esp32 --revision 0 D:\Code\ESPIDF\chan_trau\chan_trau_gateway\build\chan_trau_gateway.elf D:\Code\ESPIDF\chan_trau\chan_trau_gateway\build\bootloader\bootloader.elf --force-color -m 'C:\Espressif\python_env\idf5.5_py3.11_env\Scripts\python.exe' 'C:\Espressif\frameworks\esp-idf-v5.5.1\tools\idf.py' '-p' 'COM20'
ets Jun  8 2016 00:22:57

rst:0x1 (POWERON_RESET),boot:0x17 (SPI_FAST_FLASH_BOOT)
configsip: 0, �ets Jun  8 2016 00:22:57

rst:0x1 (POWERON_RESET),boot:0x17 (SPI_FAST_FLASH_BOOT)
configsip: 0, SPIWP:0xee
clk_drv:0x00,q_drv:0x00,d_drv:0x00,cs0_drv:0x00,hd_drv:0x00,wp_drv:0x00
mode:DIO, clock div:2
load:0x3fff0030,len:6380
ho 0 tail 12 room 4
load:0x40078000,len:15916
load:0x40080400,len:3860
entry 0x40080638
[0;32mI (29) boot: ESP-IDF v5.5.1 2nd stage bootloader[0m
[0;32mI (29) boot: compile time Jun 15 2026 21:05:37[0m
[0;32mI (29) boot: Multicore bootloader[0m
[0;32mI (30) boot: chip revision: v1.0[0m
[0;32mI (33) boot.esp32: SPI Speed      : 40MHz[0m
[0;32mI (37) boot.esp32: SPI Mode       : DIO[0m
[0;32mI (40) boot.esp32: SPI Flash Size : 2MB[0m
[0;32mI (44) boot: Enabling RNG early entropy source...[0m
[0;32mI (48) boot: Partition Table:[0m
[0;32mI (51) boot: ## Label            Usage          Type ST Offset   Length[0m
[0;32mI (57) boot:  0 nvs              WiFi data        01 02 00009000 00006000[0m
[0;32mI (64) boot:  1 phy_init         RF data          01 01 0000f000 00001000[0m
[0;32mI (70) boot:  2 factory          factory app      00 00 00010000 00100000[0m
[0;32mI (77) boot: End of partition table[0m
[0;32mI (80) esp_image: segment 0: paddr=00010020 vaddr=3f400020 size=0b870h ( 47216) map[0m
[0;32mI (104) esp_image: segment 1: paddr=0001b898 vaddr=3ffb0000 size=02560h (  9568) load[0m
[0;32mI (107) esp_image: segment 2: paddr=0001de00 vaddr=40080000 size=02218h (  8728) load[0m
[0;32mI (111) esp_image: segment 3: paddr=00020020 vaddr=400d0020 size=16d2ch ( 93484) map[0m
[0;32mI (147) esp_image: segment 4: paddr=00036d54 vaddr=40082218 size=0cacch ( 51916) load[0m
[0;32mI (168) esp_image: segment 5: paddr=00043828 vaddr=50000000 size=00020h (    32) load[0m
[0;32mI (175) boot: Loaded app from partition at offset 0x10000[0m
[0;32mI (175) boot: Disabling RNG early entropy source...[0m
[0;32mI (186) cpu_start: Multicore app[0m
[0;32mI (194) cpu_start: Pro cpu start user code[0m
[0;32mI (194) cpu_start: cpu freq: 160000000 Hz[0m
[0;32mI (194) app_init: Application information:[0m
[0;32mI (194) app_init: Project name:     chan_trau_gateway[0m
[0;32mI (199) app_init: App version:      1d08a8d-dirty[0m
[0;32mI (203) app_init: Compile time:     Jun 16 2026 11:16:33[0m
[0;32mI (208) app_init: ELF file SHA256:  eeaea7542...[0m
[0;32mI (213) app_init: ESP-IDF:          v5.5.1[0m
[0;32mI (217) efuse_init: Min chip rev:     v0.0[0m
[0;32mI (220) efuse_init: Max chip rev:     v3.99 [0m
[0;32mI (224) efuse_init: Chip rev:         v1.0[0m
[0;32mI (228) heap_init: Initializing. RAM available for dynamic allocation:[0m
[0;32mI (235) heap_init: At 3FFAE6E0 len 00001920 (6 KiB): DRAM[0m
[0;32mI (240) heap_init: At 3FFB2E68 len 0002D198 (180 KiB): DRAM[0m
[0;32mI (245) heap_init: At 3FFE0440 len 00003AE0 (14 KiB): D/IRAM[0m
[0;32mI (250) heap_init: At 3FFE4350 len 0001BCB0 (111 KiB): D/IRAM[0m
[0;32mI (256) heap_init: At 4008ECE4 len 0001131C (68 KiB): IRAM[0m
[0;32mI (262) spi_flash: detected chip: generic[0m
[0;32mI (265) spi_flash: flash io: dio[0m
[0;33mW (268) spi_flash: Detected size(4096k) larger than the size in the binary image header(2048k). Using the size in the binary image header.[0m
I (280) main_task: Started on CPU0
[0;32mI (290) main_task: Calling app_main()[0m
[0;32mI (1300) LORA: 12[0m
[0;32mI (35630) MAIN: Packet received[0m

[0;32mI (35630) LORA: IRQ: 40[0m
Recv: ESP32 LoRa
[0;32mI (54350) MAIN: Packet received[0m

[0;32mI (54350) LORA: IRQ: 40[0m
Recv: ESP32 LoRa
[0;32mI (62670) MAIN: Packet received[0m

[0;32mI (62670) LORA: IRQ: 40[0m
Recv: ESP32 LoRa
[0;32mI (63710) MAIN: Packet received[0m

[0;32mI (63710) LORA: IRQ: 40[0m
Recv: ESP32 LoRa
