Command: C:\Espressif\python_env\idf5.5_py3.11_env\Scripts\python.exe C:\Espressif\frameworks\esp-idf-v5.5.1\tools/idf_monitor.py -p COM17 -b 115200 --toolchain-prefix xtensa-esp32-elf- --target esp32 --revision 0 D:\Code\ESPIDF\chan_trau\chan_trau_gateway\build\chan_trau_gateway.elf D:\Code\ESPIDF\chan_trau\chan_trau_gateway\build\bootloader\bootloader.elf --force-color -m 'C:\Espressif\python_env\idf5.5_py3.11_env\Scripts\python.exe' 'C:\Espressif\frameworks\esp-idf-v5.5.1\tools\idf.py' '-p' 'COM17'
ets Jul 29 2019 12:21:46

rst:0x1 (POWERON_RESET),boot:0x17 (SPI_FAST_FLASH_BOOT)
configsip: 0�ets Jul 29 2019 12:21:46

rst:0x1 (POWERON_RESET),boot:0x17 (SPI_FAST_FLASH_BOOT)
configsip: 0, SPIWP:0xee
clk_drv:0x00,q_drv:0x00,d_drv:0x00,cs0_drv:0x00,hd_drv:0x00,wp_drv:0x00
mode:DIO, clock div:2
load:0x3fff0030,len:6380
ho 0 tail 12 room 4
load:0x40078000,len:15916
load:0x40080400,len:3860
entry 0x40080638
[0;32mI (29) boot: ESP-IDF v5.5.1 2nd stage bootloader[0m
[0;32mI (29) boot: compile time Jun 15 2026 21:05:37[0m
[0;32mI (29) boot: Multicore bootloader[0m
[0;32mI (31) boot: chip revision: v3.0[0m
[0;32mI (33) boot.esp32: SPI Speed      : 40MHz[0m
[0;32mI (37) boot.esp32: SPI Mode       : DIO[0m
[0;32mI (41) boot.esp32: SPI Flash Size : 2MB[0m
[0;32mI (44) boot: Enabling RNG early entropy source...[0m
[0;32mI (49) boot: Partition Table:[0m
[0;32mI (51) boot: ## Label            Usage          Type ST Offset   Length[0m
[0;32mI (58) boot:  0 nvs              WiFi data        01 02 00009000 00006000[0m
[0;32mI (64) boot:  1 phy_init         RF data          01 01 0000f000 00001000[0m
[0;32mI (71) boot:  2 factory          factory app      00 00 00010000 00100000[0m
[0;32mI (77) boot: End of partition table[0m
[0;32mI (81) esp_image: segment 0: paddr=00010020 vaddr=3f400020 size=0c8b0h ( 51376) map[0m
[0;32mI (106) esp_image: segment 1: paddr=0001c8d8 vaddr=3ffb0000 size=02560h (  9568) load[0m
[0;32mI (109) esp_image: segment 2: paddr=0001ee40 vaddr=40080000 size=011d8h (  4568) load[0m
[0;32mI (111) esp_image: segment 3: paddr=00020020 vaddr=400d0020 size=1bcb4h (113844) map[0m
[0;32mI (156) esp_image: segment 4: paddr=0003bcdc vaddr=400811d8 size=0e9d8h ( 59864) load[0m
[0;32mI (179) esp_image: segment 5: paddr=0004a6bc vaddr=50000000 size=00020h (    32) load[0m
[0;32mI (187) boot: Loaded app from partition at offset 0x10000[0m
[0;32mI (187) boot: Disabling RNG early entropy source...[0m
[0;32mI (200) cpu_start: Multicore app[0m
[0;32mI (208) cpu_start: Pro cpu start user code[0m
[0;32mI (208) cpu_start: cpu freq: 160000000 Hz[0m
[0;32mI (208) app_init: Application information:[0m
[0;32mI (208) app_init: Project name:     chan_trau_gateway[0m
[0;32mI (213) app_init: App version:      1d08a8d-dirty[0m
[0;32mI (217) app_init: Compile time:     Jun 16 2026 11:16:33[0m
[0;32mI (223) app_init: ELF file SHA256:  de0365817...[0m
[0;32mI (227) app_init: ESP-IDF:          v5.5.1[0m
[0;32mI (231) efuse_init: Min chip rev:     v0.0[0m
[0;32mI (234) efuse_init: Max chip rev:     v3.99 [0m
[0;32mI (238) efuse_init: Chip rev:         v3.0[0m
[0;32mI (243) heap_init: Initializing. RAM available for dynamic allocation:[0m
[0;32mI (249) heap_init: At 3FFAE6E0 len 00001920 (6 KiB): DRAM[0m
[0;32mI (254) heap_init: At 3FFB3E78 len 0002C188 (176 KiB): DRAM[0m
[0;32mI (259) heap_init: At 3FFE0440 len 00003AE0 (14 KiB): D/IRAM[0m
[0;32mI (264) heap_init: At 3FFE4350 len 0001BCB0 (111 KiB): D/IRAM[0m
[0;32mI (270) heap_init: At 4008FBB0 len 00010450 (65 KiB): IRAM[0m
[0;32mI (277) spi_flash: detected chip: generic[0m
[0;32mI (279) spi_flash: flash io: dio[0m
[0;33mW (282) spi_flash: Detected size(4096k) larger than the size in the binary image header(2048k). Using the size in the binary image header.[0m
[0;32mI (295) main_task: Started on CPU0[0m
[0;32mI (305) main_task: Calling app_main()[0m
[0;32mI (305) uart: queue free spaces: 20[0m
[0;32mI (3305) SIM7680: TX: AT[0m
[0;32mI (3305) SIM7680: RX[6]: [0m
OK

[0;32mI (3325) SIM7680: FOUND: OK[0m
[0;32mI (3325) SIM7680: TX: ATE0[0m
[0;32mI (3325) SIM7680: RX[6]: [0m
OK

[0;32mI (3345) SIM7680: FOUND: OK[0m
[0;32mI (3345) SIM7680: TX: AT+CPIN?[0m
[0;32mI (3345) SIM7680: RX[31]: [0m
+CME ERROR: SIM not inserted

[1;31mE (3365) SIM7680: ERROR RESPONSE:[0m

+CME ERROR: SIM not inserted

[0;32mI (3375) LORA: 12[0m
[0;32mI (4175) GPS: RAW: $GNGGA,,,,,,0,00,25.5,,,,,,*64[0m
[0;32mI (4175) GPS: RAW: $GNGLL,,,,,,V,N*7A[0m
[0;32mI (4175) GPS: RAW: $GNGSA,A,1,,,,,,,,,,,,,25.5,25.5,25.5,1*01[0m
[0;32mI (4295) GPS: RAW: $GNGSA,A,1,,,,,,,,,,,,,25.5,25.5,25.5,4*04[0m
[0;32mI (4295) GPS: RAW: $GPGSV,1,1,00,0*65[0m
[0;32mI (4295) GPS: RAW: $BDGSV,1,1,00,0*74[0m
[0;32mI (4305) GPS: RAW: $GNRMC,,V,,,,,,,,,,N,V*37[0m
[0;32mI (4305) GPS: Latitude: 0.000000 ,, Longitude: 0.000000 ,[0m
[0;32mI (4305) GPS: RAW: $GNVTG,,,,,,,,,N*2E[0m
[0;32mI (4345) GPS: RAW: $GNZDA,,,,,,*56[0m
[0;32mI (4355) GPS: RAW: $GPTXT,01,01,01,ANTENNA SHORT*63[0m
[0;32mI (5175) GPS: RAW: $GNGGA,,,,,,0,00,25.5,,,,,,*64[0m
[0;32mI (5175) GPS: RAW: $GNGLL,,,,,,V,N*7A[0m
[0;32mI (5175) GPS: RAW: $GNGSA,A,1,,,,,,,,,,,,,25.5,25.5,25.5,1*01[0m
[0;32mI (5295) GPS: RAW: $GNGSA,A,1,,,,,,,,,,,,,25.5,25.5,25.5,4*04[0m
[0;32mI (5295) GPS: RAW: $GPGSV,1,1,00,0*65[0m
[0;32mI (5295) GPS: RAW: $BDGSV,1,1,00,0*74[0m
[0;32mI (5305) GPS: RAW: $GNRMC,,V,,,,,,,,,,N,V*37[0m
[0;32mI (5305) GPS: Latitude: 0.000000 ,, Longitude: 0.000000 ,[0m
[0;32mI (5305) GPS: RAW: $GNVTG,,,,,,,,,N*2E[0m
[0;32mI (5345) GPS: RAW: $GNZDA,,,,,,*56[0m
[0;32mI (5355) GPS: RAW: $GPTXT,01,01,01,ANTENNA SHORT*63[0m
[0;32mI (6175) GPS: RAW: $GNGGA,,,,,,0,00,25.5,,,,,,*64[0m
[0;32mI (6175) GPS: RAW: $GNGLL,,,,,,V,N*7A[0m
[0;32mI (6175) GPS: RAW: $GNGSA,A,1,,,,,,,,,,,,,25.5,25.5,25.5,1*01[0m
[0;32mI (6295) GPS: RAW: $GNGSA,A,1,,,,,,,,,,,,,25.5,25.5,25.5,4*04[0m
[0;32mI (6295) GPS: RAW: $GPGSV,1,1,00,0*65[0m
[0;32mI (6305) GPS: RAW: $BDGSV,1,1,00,0*74[0m
[0;32mI (6305) GPS: RAW: $GNRMC,,V,,,,,,,,,,N,V*37[0m
[0;32mI (6305) GPS: Latitude: 0.000000 ,, Longitude: 0.000000 ,[0m
[0;32mI (6305) GPS: RAW: $GNVTG,,,,,,,,,N*2E[0m
[0;32mI (6345) GPS: RAW: $GNZDA,,,,,,*56[0m
[0;32mI (6355) GPS: RAW: $GPTXT,01,01,01,ANTENNA SHORT*63[0m
[0;32mI (7175) GPS: RAW: $GNGGA,,,,,,0,00,25.5,,,,,,*64[0m
[0;32mI (7175) GPS: RAW: $GNGLL,,,,,,V,N*7A[0m
[0;32mI (7175) GPS: RAW: $GNGSA,A,1,,,,,,,,,,,,,25.5,25.5,25.5,1*01[0m
[0;32mI (7295) GPS: RAW: $GNGSA,A,1,,,,,,,,,,,,,25.5,25.5,25.5,4*04[0m
[0;32mI (7295) GPS: RAW: $GPGSV,1,1,00,0*65[0m
[0;32mI (7295) GPS: RAW: $BDGSV,1,1,00,0*74[0m
[0;32mI (7305) GPS: RAW: $GNRMC,,V,,,,,,,,,,N,V*37[0m
[0;32mI (7305) GPS: Latitude: 0.000000 ,, Longitude: 0.000000 ,[0m
[0;32mI (7305) GPS: RAW: $GNVTG,,,,,,,,,N*2E[0m
[0;32mI (7345) GPS: RAW: $GNZDA,,,,,,*56[0m
[0;32mI (7355) GPS: RAW: $GPTXT,01,01,01,ANTENNA SHORT*63[0m
[0;32mI (8175) GPS: RAW: $GNGGA,,,,,,0,00,25.5,,,,,,*64[0m
[0;32mI (8175) GPS: RAW: $GNGLL,,,,,,V,N*7A[0m
[0;32mI (8175) GPS: RAW: $GNGSA,A,1,,,,,,,,,,,,,25.5,25.5,25.5,1*01[0m
[0;32mI (8295) GPS: RAW: $GNGSA,A,1,,,,,,,,,,,,,25.5,25.5,25.5,4*04[0m
[0;32mI (8295) GPS: RAW: $GPGSV,1,1,00,0*65[0m
[0;32mI (8295) GPS: RAW: $BDGSV,1,1,00,0*74[0m
[0;32mI (8305) GPS: RAW: $GNRMC,,V,,,,,,,,,,N,V*37[0m
[0;32mI (8305) GPS: Latitude: 0.000000 ,, Longitude: 0.000000 ,[0m
[0;32mI (8305) GPS: RAW: $GNVTG,,,,,,,,,N*2E[0m
[0;32mI (8355) GPS: RAW: $GNZDA,,,,,,*56[0m
[0;32mI (8355) GPS: RAW: $GPTXT,01,01,01,ANTENNA SHORT*63[0m
[0;32mI (9175) GPS: RAW: $GNGGA,,,,,,0,00,25.5,,,,,,*64[0m
[0;32mI (9175) GPS: RAW: $GNGLL,,,,,,V,N*7A[0m
[0;32mI (9175) GPS: RAW: $GNGSA,A,1,,,,,,,,,,,,,25.5,25.5,25.5,1*01[0m
[0;32mI (9295) GPS: RAW: $GNGSA,A,1,,,,,,,,,,,,,25.5,25.5,25.5,4*04[0m
[0;32mI (9295) GPS: RAW: $GPGSV,1,1,00,0*65[0m
[0;32mI (9305) GPS: RAW: $BDGSV,1,1,00,0*74[0m
[0;32mI (9305) GPS: RAW: $GNRMC,,V,,,,,,,,,,N,V*37[0m
[0;32mI (9305) GPS: Latitude: 0.000000 ,, Longitude: 0.000000 ,[0m
[0;32mI (9305) GPS: RAW: $GNVTG,,,,,,,,,N*2E[0m
[0;32mI (9355) GPS: RAW: $GNZDA,,,,,,*56[0m
[0;32mI (9355) GPS: RAW: $GPTXT,01,01,01,ANTENNA SHORT*63[0m
[0;32mI (10175) GPS: RAW: $GNGGA,,,,,,0,00,25.5,,,,,,*64[0m
[0;32mI (10175) GPS: RAW: $GNGLL,,,,,,V,N*7A[0m
[0;32mI (10175) GPS: RAW: $GNGSA,A,1,,,,,,,,,,,,,25.5,25.5,25.5,1*01[0m
[0;32mI (10295) GPS: RAW: $GNGSA,A,1,,,,,,,,,,,,,25.5,25.5,25.5,4*04[0m
[0;32mI (10295) GPS: RAW: $GPGSV,1,1,00,0*65[0m
[0;32mI (10305) GPS: RAW: $BDGSV,1,1,00,0*74[0m
[0;32mI (10305) GPS: RAW: $GNRMC,,V,,,,,,,,,,N,V*37[0m
[0;32mI (10305) GPS: Latitude: 0.000000 ,, Longitude: 0.000000 ,[0m
[0;32mI (10315) GPS: RAW: $GNVTG,,,,,,,,,N*2E[0m
[0;32mI (10355) GPS: RAW: $GNZDA,,,,,,*56[0m
[0;32mI (10355) GPS: RAW: $GPTXT,01,01,01,ANTENNA SHORT*63[0m
[0;32mI (11175) GPS: RAW: $GNGGA,,,,,,0,00,25.5,,,,,,*64[0m
[0;32mI (11175) GPS: RAW: $GNGLL,,,,,,V,N*7A[0m
[0;32mI (11175) GPS: RAW: $GNGSA,A,1,,,,,,,,,,,,,25.5,25.5,25.5,1*01[0m
[0;32mI (11295) GPS: RAW: $GNGSA,A,1,,,,,,,,,,,,,25.5,25.5,25.5,4*04[0m
[0;32mI (11295) GPS: RAW: $GPGSV,1,1,00,0*65[0m
[0;32mI (11305) GPS: RAW: $BDGSV,1,1,00,0*74[0m
[0;32mI (11305) GPS: RAW: $GNRMC,,V,,,,,,,,,,N,V*37[0m
[0;32mI (11305) GPS: Latitude: 0.000000 ,, Longitude: 0.000000 ,[0m
[0;32mI (11315) GPS: RAW: $GNVTG,,,,,,,,,N*2E[0m
[0;32mI (11355) GPS: RAW: $GNZDA,,,,,,*56[0m
[0;32mI (11355) GPS: RAW: $GPTXT,01,01,01,ANTENNA SHORT*63[0m
[0;32mI (12175) GPS: RAW: $GNGGA,,,,,,0,00,25.5,,,,,,*64[0m
[0;32mI (12175) GPS: RAW: $GNGLL,,,,,,V,N*7A[0m
[0;32mI (12175) GPS: RAW: $GNGSA,A,1,,,,,,,,,,,,,25.5,25.5,25.5,1*01[0m
[0;32mI (12295) GPS: RAW: $GNGSA,A,1,,,,,,,,,,,,,25.5,25.5,25.5,4*04[0m
[0;32mI (12295) GPS: RAW: $GPGSV,1,1,00,0*65[0m
[0;32mI (12305) GPS: RAW: $BDGSV,1,1,00,0*74[0m
[0;32mI (12305) GPS: RAW: $GNRMC,,V,,,,,,,,,,N,V*37[0m
[0;32mI (12305) GPS: Latitude: 0.000000 ,, Longitude: 0.000000 ,[0m
[0;32mI (12315) GPS: RAW: $GNVTG,,,,,,,,,N*2E[0m
[0;32mI (12355) GPS: RAW: $GNZDA,,,,,,*56[0m
[0;32mI (12355) GPS: RAW: $GPTXT,01,01,01,ANTENNA SHORT*63[0m
